--- Testing normalizeCoordinates ---
Γ£à Array [lng, lat]: [75.8577,22.7196]
Γ£à Object {latitude, longitude}: [75.8577,22.7196]
Γ£à Object {lat, lng}: [75.8577,22.7196]
Γ£à GeoJSON {coordinates: [lng, lat]}: [75.8577,22.7196]
Γ£à Nested GeoJSON {location: {coordinates: [lng, lat]}}: [75.8577,22.7196]
Γ£à Nested flat {location: {latitude, longitude}}: [75.8577,22.7196]

--- Testing calculateDistance ---
Distance between Indore Junction and Rajwada Palace: 1.49 km
Γ¥î Distance calculation seems off
